<?xml version="1.0" encoding="UTF-8"?>
<checkstyle version="5.0">
 <file name="/home/brent/src/vile/plugins/scalastyle/test.scala">
  <error source="org.scalastyle.file.FileLengthChecker" severity="warning" message="File length exceeds 2 lines"/>
 </file>
</checkstyle>
